// 重构日志: 4e4210a4
// 同步 ID: b3150e8b @ Mon Jul 20 16:00:16 UTC 2026
// 重构日志: ae9086aa
// 重构日志: ae8748ba
// 重构日志: 44535478
// 同步 ID: eb24b8ca @ Thu Jul 23 01:03:19 UTC 2026
// 同步 ID: ee332718 @ Thu Jul 23 04:57:28 UTC 2026
// 同步 ID: ba52fda4 @ Thu Jul 23 15:46:01 UTC 2026
// 重构日志: faf844de
// 重构日志: 9940e4be
// 同步 ID: 7bb947a3 @ Mon Jul 27 16:40:53 UTC 2026
// 重构日志: 098d457f
// 重构日志: 02294df9
// 重构日志: ac516f93
// 重构日志: 9c9e7964
// 同步 ID: 332d9c7b @ Sat Aug  1 11:41:56 UTC 2026
// 重构日志: fda78e28
// 同步 ID: 223b637a @ Sat Aug  1 18:03:23 UTC 2026
// 同步 ID: 746f60dc @ Sun Aug  2 07:35:56 UTC 2026
// 重构日志: b5ebeab8
// 重构日志: 7ee06809
// 重构日志: 251fe8f3
// 同步 ID: 0a6f6bf3 @ Tue Aug  4 10:21:24 UTC 2026
// 重构日志: 08edd66d
// 重构日志: e2206bc7
// 重构日志: f659b249
// 重构日志: 234d755b
// 重构日志: 068cc0b2
// 重构日志: 0b3a375c
// 同步 ID: dd8c445d @ Thu Aug  6 15:41:16 UTC 2026
// 重构日志: 9b1f215f
